[info     ] часы сведены                   rtt_мс=340 замеров=5 сдвиг_мс=72
[info     ] засев                          баров_на_ряд=500 символов=27 тф=6
[error    ] бар отклонён как битый         причина='BCH/USDT:USDT 1w бар 1578873600000: o=339.65 h=215.69 l=182.65 c=339.62 — Value error, бар 1578873600000: high/low не накрывают open/close (o=339.65 h=215.69 l=182.65 c=339.62)'
[warning  ] разрыв сетки                   первый_после=1578268800000 разрывов=1 символ=BCH/USDT:USDT тф=1w
[info     ] засеяно                        баров=73665 запросов=162
[info     ] наблюдение                     потоков=189 секунд=400
[info     ] кадры сохранены                каталог=data\frames\stage1-stack10 файлов=189

==============================================================================
ПРИЁМКА ЭТАПА 1 — FOUNDATION.md §8
==============================================================================

1. ЧАСЫ (§6)
   сдвиг биржа−локальные    : +72 мс
   неопределённость (±rtt/2): ±170 мс
   замеров: 5
   уход сдвига за 400 с: +18 мс

2. СВЕЖЕСТЬ КАДРОВ — проверено рядов 162
   рядов со свежим последним закрытым баром: 162 из 162
   баров вне сетки в засеве: 0

3. ПРОПУСКИ — молчание запрещено (§4.3)
   рядов без данных: 0 из 162
   баров ОТКЛОНЕНО как битые: 1 (из 73666 полученных)
   БИТЫЙ БАР: BCH/USDT:USDT 1w бар 1578873600000: o=339.65 h=215.69 l=182.65 c=339.62 — Value error, бар 1578873600000: high/low не накрывают open/close (o=339.65 h=215.69 l=182.65 c=339.62)
   разрывов сетки внутри рядов: 1 (объяснено отклонёнными барами 1, необъяснённых 0; проверено баров 73665)
   РАЗРЫВ: BCH/USDT:USDT 1w между 1578268800000 и 1579478400000

4. НЕЗАКРЫТАЯ СВЕЧА (§6)
   баров получено по WS: 81
   из них незакрытых: 0
   из них вне сетки: 0

5. СДЕЛКИ И ПРОФИЛЬ (§5)
   символов с потоком: 27
   сделок принято: 49343
   худшее расхождение «бины против сырья»: 3.493e-15
   BLESS/USDT:USDT      сделок   25291  бинов    734  tick 0.0000010
   1000RATS/USDT:USDT   сделок    8939  бинов    388  tick 0.0000100
   BTC/USDT:USDT        сделок    3472  бинов    928  tick 0.10
   BICO/USDT:USDT       сделок    2665  бинов     57  tick 0.0000100
   ETH/USDT:USDT        сделок    2475  бинов    309  tick 0.01

6. КАДРЫ ДЛЯ ПОВТОРА (§10.3)
   файлов parquet записано: 189

7. ИТОГ
   деградаций отмечено: 0
   нарушений приёмки: 0
==============================================================================
