60612.345 info     часы сведены: сдвиг -60 мс, rtt 331 мс, замеров 5
60612.345 info     засев: 27 символов × 6 ТФ, по 500 баров
60708.818 info     засеяно баров 73666, запросов 162
60708.820 info     потоков поднято 189; наблюдение 400 с

==============================================================================
ПРИЁМКА ЭТАПА 1 — FOUNDATION.md §8
==============================================================================

1. ЧАСЫ (§6)
   сдвиг биржа−локальные : -60 мс
   неопределённость (±rtt/2): ±165 мс
   замеров: 5
   уход сдвига за 400 с: +31 мс

2. СВЕЖЕСТЬ КАДРОВ — проверено рядов 162
   рядов со свежим последним закрытым баром: 162 из 162
   баров вне сетки в засеве: 0

3. ПРОПУСКИ — молчание запрещено (§4.3)
   рядов без данных: 0 из 162
   разрывов сетки внутри рядов: 0 (проверено баров 73666)

4. НЕЗАКРЫТАЯ СВЕЧА (§6)
   баров получено по WS: 27
   из них незакрытых: 0
   из них вне сетки: 0

5. СДЕЛКИ И ПРОФИЛЬ (§5)
   символов с потоком: 27
   сделок принято: 28117
   худшее расхождение «бины против сырья»: 5.738e-15
   BLESS/USDT:USDT      сделок    7928  бинов    270  tick 0.0000010
   1000RATS/USDT:USDT   сделок    4668  бинов    145  tick 0.0000100
   BTC/USDT:USDT        сделок    2821  бинов    699  tick 0.10
   HYPE/USDT:USDT       сделок    2323  бинов    267  tick 0.00100
   ETH/USDT:USDT        сделок    2037  бинов    242  tick 0.01

6. ИТОГ
   деградаций отмечено: 0
   нарушений приёмки: 0
==============================================================================
