
### сколько сделок
    SELECT COUNT(*) AS всего FROM signals;
    всего
    566

### результат в R (стр. 9 курса)
    SELECT (SELECT COUNT(*) FROM signals) AS всего_советов, COUNT(*) AS из_них_закрыто, (SELECT COUNT(*) FROM signals) - COUNT(*) AS ещё_без_исхода, (SELECT COUNT(*) FROM signal_states WHERE state='not_filled') AS мимо_входа, (SELECT COUNT(*) FROM signal_states WHERE state='open') AS сделка_идёт, (SELECT COUNT(*) FROM signals WHERE target IS NULL) AS без_цели_не_дорешать, SUM(CASE WHEN kind='target' THEN 1 ELSE 0 END) AS по_цели, SUM(CASE WHEN kind='stop' THEN 1 ELSE 0 END) AS по_стопу, SUM(CASE WHEN kind='ambiguous' THEN 1 ELSE 0 END) AS неоднозначно, ROUND(SUM(COALESCE(r,0)), 3) AS сумма_R, ROUND(AVG(r), 3) AS средний_R FROM outcomes;
    всего_советов | из_них_закрыто | ещё_без_исхода | мимо_входа | сделка_идёт | без_цели_не_дорешать | по_цели | по_стопу | неоднозначно | сумма_R | средний_R
    566 | 51 | 515 | 495 | 20 | 162 | 11 | 40 | 0 | -34.085 | -0.668

### чем куплены выигрыши — геометрия сделок
    SELECT s.timeframe AS тф, COUNT(*) AS сделок, ROUND(AVG(ABS(s.entry - s.stop) / s.entry * 100), 3) AS средняя_дистанция_стопа_проц, ROUND(AVG(o.r), 3) AS средний_R, ROUND(AVG(s.recorded_at - s.opened_at) / 3600000.0, 1) AS часов_от_уровня_до_записи FROM signals s LEFT JOIN outcomes o ON o.signal_id = s.id GROUP BY s.timeframe ORDER BY сделок DESC;
    тф | сделок | средняя_дистанция_стопа_проц | средний_R | часов_от_уровня_до_записи
    5m | 186 | 4.66 | -0.791 | 903.1
    15m | 149 | 3.976 | -0.562 | 688.7
    1h | 104 | 6.286 | -0.818 | 760.3
    4h | 81 | 8.694 | -0.043 | 969.1
    1d | 37 | 10.651 | -1.0 | 1935.6
    1w | 9 | 13.78 | None | 1989.2

### какие символы
    SELECT symbol AS символ, COUNT(*) AS сделок, MIN(opened_at) AS первая, MAX(opened_at) AS последняя FROM signals GROUP BY symbol ORDER BY сделок DESC;
    символ | сделок | первая | последняя
    ETH/USDT:USDT | 74 | 1762300800000 | 1786928700000
    BTC/USDT:USDT | 74 | 1769817600000 | 1786931100000
    POL/USDT:USDT | 57 | 1770422400000 | 1786930200000
    ADA/USDT:USDT | 36 | 1769817600000 | 1786723200000
    XRP/USDT:USDT | 35 | 1769040000000 | 1786930200000
    DOGE/USDT:USDT | 29 | 1778850000000 | 1786928400000
    THETA/USDT:USDT | 28 | 1778595900000 | 1786935600000
    BNB/USDT:USDT | 28 | 1780212600000 | 1786936500000
    SOL/USDT:USDT | 23 | 1778548500000 | 1786946400000
    BICO/USDT:USDT | 23 | 1785632700000 | 1786930200000
    1000RATS/USDT:USDT | 20 | 1785256200000 | 1786938600000
    BTW/USDT:USDT | 19 | 1780617000000 | 1786910400000
    BEAT/USDT:USDT | 19 | 1779408000000 | 1786422900000
    BCH/USDT:USDT | 19 | 1772150400000 | 1785841200000
    ONDO/USDT:USDT | 15 | 1769385600000 | 1786928400000
    ANKR/USDT:USDT | 15 | 1779926400000 | 1786930200000
    XAU/USDT:USDT | 11 | 1786082400000 | 1786427100000
    BLESS/USDT:USDT | 8 | 1769385600000 | 1786938300000
    ASTR/USDT:USDT | 7 | 1780430400000 | 1786935600000
    SUPER/USDT:USDT | 4 | 1786550400000 | 1786930200000
    NEO/USDT:USDT | 4 | 1786914900000 | 1786938600000
    HYPE/USDT:USDT | 4 | 1782691200000 | 1786928400000
    AEVO/USDT:USDT | 3 | 1779753600000 | 1786203000000
    ZEC/USDT:USDT | 2 | 1785859200000 | 1786420800000
    UNI/USDT:USDT | 2 | 1786864500000 | 1786915800000
    STX/USDT:USDT | 2 | 1786912200000 | 1786923300000
    CHZ/USDT:USDT | 2 | 1786923900000 | 1786930200000
    CFX/USDT:USDT | 2 | 1785715200000 | 1786838400000
    SAND/USDT:USDT | 1 | 1770422400000 | 1770422400000

### подозрительная геометрия
    SELECT id, symbol AS символ, direction AS сторона, entry AS вход, stop AS стоп, ROUND(ABS(entry - stop) / entry * 100, 4) AS дистанция_стопа_проц FROM signals WHERE (direction = 'long'  AND stop >= entry)    OR (direction = 'short' AND stop <= entry)    OR ABS(entry - stop) / entry < 0.0005    OR ABS(entry - stop) / entry > 0.5 ORDER BY дистанция_стопа_проц;
    id | символ | сторона | вход | стоп | дистанция_стопа_проц
    542 | SOL/USDT:USDT | long | 75.33 | 75.32 | 0.0133
    259 | POL/USDT:USDT | long | 0.07483 | 0.07482 | 0.0134
    298 | SOL/USDT:USDT | long | 74.62 | 74.61 | 0.0134
    260 | POL/USDT:USDT | short | 0.07509 | 0.07512 | 0.04
    169 | XAU/USDT:USDT | long | 4406.5 | 4404.63 | 0.0424
    129 | ANKR/USDT:USDT | long | 0.0034665 | 0.003465 | 0.0433
    43 | ETH/USDT:USDT | short | 1880.0 | 1879.11 | 0.0473
    134 | ANKR/USDT:USDT | short | 0.0050715 | 0.005024 | 0.9366
    278 | SAND/USDT:USDT | short | 0.146465 | 0.134518 | 8.1569
    117 | AEVO/USDT:USDT | short | 0.03086 | 0.02794 | 9.4621
    135 | ANKR/USDT:USDT | short | 0.005131 | 0.00427862 | 16.6124
    140 | BEAT/USDT:USDT | long | 1.2186 | 0.536507 | 55.9735
    360 | 1000RATS/USDT:USDT | short | 0.049325 | 0.0776 | 57.3239
    153 | BEAT/USDT:USDT | short | 1.7705 | 2.884 | 62.8918
    141 | BEAT/USDT:USDT | short | 7.1329 | 11.916997 | 67.0709
    447 | BICO/USDT:USDT | short | 0.042395 | 0.0769719 | 81.5589
    451 | BICO/USDT:USDT | short | 0.039155 | 0.091 | 132.4097

соединение открыто ТОЛЬКО НА ЧТЕНИЕ (§10.2) — проверка:
    попытка записи отклонена СУБД: attempt to write a readonly database

### из чего состоит журнал (вселенная config\universe.toml)
    символов в журнале: 29, из них вне вселенной: 3
    сигналов: 566, из них вне вселенной: 49 (8.7%)
    ⚠ BTW/USDT:USDT: 19 сигналов, во вселенной НЕ значится
    ⚠ BEAT/USDT:USDT: 19 сигналов, во вселенной НЕ значится
    ⚠ XAU/USDT:USDT: 11 сигналов, во вселенной НЕ значится — §5 называет его в списке ИСКЛЮЧЁННЫХ
    СЛЕДСТВИЕ: «средний R» и «сколько сделок» выше посчитаны ВМЕСТЕ с этими
    символами. Число выше — не результат системы на её вселенной.
    Решение владельца: либо эти символы войдут во вселенную (§5), либо их
    строки уйдут из журнала. Ни того, ни другого код сам не делает.
